length

 => True
 => True
undefined => False
undef => False
null => False
